# RPC wire format. Regenerate with: go test ./pkg/rpc -run TestWireFormatGolden -update-golden

[payload types]
AddAttributePayloadType = "addattributemsg"
AddBlueprintDefinitionPayloadType = "addblueprintdefinitionmsg"
AddBlueprintPayloadType = "addblueprintmsg"
AddChildPayloadType = "addchildmsg"
AddColonyPayloadType = "addcolonymsg"
AddCronPayloadType = "addcronmsg"
AddExecutorLogPayloadType = "addexecutorlogmsg"
AddExecutorPayloadType = "addexecutormsg"
AddFilePayloadType = "addfilemsg"
AddFunctionPayloadType = "addfunctionmsg"
AddGeneratorPayloadType = "addgeneratormsg"
AddLocationPayloadType = "addlocationmsg"
AddLogPayloadType = "addlogmsg"
AddUserPayloadType = "addusermsg"
ApproveExecutorPayloadType = "approveexecutormsg"
AssignProcessPayloadType = "assignprocessmsg"
ChangeColonyIDPayloadType = "changecolonyidmsg"
ChangeExecutorIDPayloadType = "changeexecutoridmsg"
ChangeServerIDPayloadType = "changeserveridmsg"
ChangeUserIDPayloadType = "changeuseridmsg"
ChannelAppendPayloadType = "channelappendmsg"
ChannelReadPayloadType = "channelreadmsg"
CloseFailedPayloadType = "closefailedmsg"
CloseSuccessfulPayloadType = "closesuccessfulmsg"
CreateSnapshotPayloadType = "createsnapshotmsg"
ErrorPayloadType = "error"
GetAttributePayloadType = "getattributemsg"
GetBlueprintDefinitionPayloadType = "getblueprintdefinitionmsg"
GetBlueprintDefinitionsPayloadType = "getblueprintdefinitionsmsg"
GetBlueprintHistoryPayloadType = "getblueprinthistorymsg"
GetBlueprintPayloadType = "getblueprintmsg"
GetBlueprintsPayloadType = "getblueprintsmsg"
GetClusterPayloadType = "getclustermsg"
GetColoniesPayloadType = "getcoloniesmsg"
GetColonyPayloadType = "getcolonymsg"
GetColonyStatisticsPayloadType = "getcolonystatsmsg"
GetCronPayloadType = "getcronmsg"
GetCronsPayloadType = "getcronsmsg"
GetExecutorByIDPayloadType = "getexecutorbyidmsg"
GetExecutorPayloadType = "getexecutormsg"
GetExecutorsPayloadType = "getexecutorsmsg"
GetFileLabelsPayloadType = "getfilelabelsmsg"
GetFilePayloadType = "getfilemsg"
GetFilesPayloadType = "getfilesmsg"
GetFunctionsPayloadType = "getfunctionsmsg"
GetGeneratorPayloadType = "getgeneratormsg"
GetGeneratorsPayloadType = "getgeneratorsmsg"
GetLocationPayloadType = "getlocationmsg"
GetLocationsPayloadType = "getlocationsmsg"
GetLogsPayloadType = "getlogsmsg"
GetNodePayloadType = "getnodemsg"
GetNodesByLocationPayloadType = "getnodesbylocationmsg"
GetNodesPayloadType = "getnodesmsg"
GetPauseStatusPayloadType = "getpausestatusmsg"
GetProcessGraphPayloadType = "getprocessgraphmsg"
GetProcessGraphsPayloadType = "getprocessgraphsmsg"
GetProcessHistPayloadType = "getprocesshistmsg"
GetProcessPayloadType = "getprocessmsg"
GetProcessesPayloadType = "getprocessesmsg"
GetServerInfoPayloadType = "getserverinfomsg"
GetSnapshotPayloadType = "getsnapshotmsg"
GetSnapshotsPayloadType = "getsnapshotsmsg"
GetStatisiticsPayloadType = "getstatisticsmsg"
GetUserByIDPayloadType = "getuserbyidmsg"
GetUserPayloadType = "getusermsg"
GetUsersPayloadType = "getusersmsg"
PackGeneratorPayloadType = "packgeneratormsg"
PauseAssignmentsPayloadType = "pauseassignmentsmsg"
PauseStatusReplyPayloadType = "pausestatusreplymsg"
ReconcileBlueprintPayloadType = "reconcileblueprintmsg"
RejectExecutorPayloadType = "rejectexecutormsg"
RemoveAllProcessGraphsPayloadType = "removeallprocessgraphsmsg"
RemoveAllProcessesPayloadType = "removeallprocessesmsg"
RemoveAllSnapshotsPayloadType = "removeallsnapshotmsg"
RemoveBlueprintDefinitionPayloadType = "removeblueprintdefinitionmsg"
RemoveBlueprintPayloadType = "removeblueprintmsg"
RemoveColonyPayloadType = "removecolonymsg"
RemoveCronPayloadType = "removecronmsg"
RemoveExecutorPayloadType = "removeexecutormsg"
RemoveFilePayloadType = "removefilemsg"
RemoveFunctionPayloadType = "removefunctionmsg"
RemoveGeneratorPayloadType = "removegeneratormsg"
RemoveLocationPayloadType = "removelocationmsg"
RemoveProcessGraphPayloadType = "removeprocessgraphmsg"
RemoveProcessPayloadType = "removeprocessmsg"
RemoveSnapshotPayloadType = "removesnapshotmsg"
RemoveUserPayloadType = "removeusermsg"
ReportAllocationsPayloadType = "reportallocationmsg"
ResolveGeneratorPayloadType = "resolvegeneratormsg"
ResumeAssignmentsPayloadType = "resumeassignmentsmsg"
RunCronPayloadType = "runcronmsg"
SearchLogsPayloadType = "searchlogsmsg"
SetOutputPayloadType = "setoutputmsg"
SubmitFunctionSpecPayloadType = "submitfuncspecmsg"
SubmitWorkflowSpecPayloadType = "submitworkflowspecmsg"
SubscribeChannelPayloadType = "subscribechannelmsg"
SubscribeProcessPayloadType = "subscribeprocessmsg"
SubscribeProcessesPayloadType = "subscribeprocessesmsg"
UpdateBlueprintPayloadType = "updateblueprintmsg"
UpdateBlueprintStatusPayloadType = "updateblueprintstatusmsg"
UpdateExecutorPayloadType = "updateexecutormsg"
VersionPayloadType = "versionmsg"

[structs]
core.Allocations:
  Projects json:"projects"
core.Attribute:
  ID json:"attributeid"
  TargetID json:"targetid"
  TargetColonyName json:"targetcolonyname"
  TargetProcessGraphID json:"targetprocessgraphid"
  State json:"state"
  AttributeType json:"attributetype"
  Key json:"key"
  Value json:"value"
core.BackendInfo:
  Type json:"type"
  Port json:"port"
  Host json:"host"
  TLS json:"tls"
  Insecure json:"insecure"
core.Blueprint:
  ID json:"blueprintid"
  Kind json:"kind"
  Metadata json:"metadata"
  Spec json:"spec"
  Status json:"status"
core.BlueprintDefinition:
  ID json:"blueprintdefinitionid"
  Kind json:"kind"
  Metadata json:"metadata"
  Spec json:"spec"
core.BlueprintDefinitionNames:
  Kind json:"kind"
  ListKind json:"listKind"
  Singular json:"singular"
  Plural json:"plural"
  ShortNames json:"shortNames"
core.BlueprintDefinitionSpec:
  Group json:"group"
  Version json:"version"
  Names json:"names"
  Scope json:"scope"
  Schema json:"schema"
  Handler json:"handler"
core.BlueprintDiff:
  SpecChanges json:"specChanges"
  StatusChanges json:"statusChanges"
  MetadataChanges json:"metadataChanges"
  HasChanges json:"hasChanges"
core.BlueprintHistory:
  ID json:"historyid"
  BlueprintID json:"blueprintid"
  Kind json:"kind"
  Namespace json:"namespace"
  Name json:"name"
  Generation json:"generation"
  Spec json:"spec"
  Status json:"status"
  Timestamp json:"timestamp"
  ChangedBy json:"changedby"
  ChangeType json:"changetype"
core.BlueprintMetadata:
  Name json:"name"
  ColonyName json:"colonyname"
  LocationName json:"locationname"
  Labels json:"labels"
  Annotations json:"annotations"
  Generation json:"generation"
  CreatedAt json:"createdAt"
  UpdatedAt json:"updatedAt"
  LastReconciliationProcess json:"lastReconciliationProcess"
  LastReconciliationTime json:"lastReconciliationTime"
core.Capabilities:
  Hardware json:"hardware"
  Software json:"software"
core.ColoniesError:
  Status json:""
  Message json:""
core.Colony:
  ID json:"colonyid"
  Name json:"name"
core.Conditions:
  ColonyName json:"colonyname"
  ExecutorNames json:"executornames"
  ExecutorType json:"executortype"
  LocationName json:"locationname"
  Dependencies json:"dependencies"
  Nodes json:"nodes"
  CPU json:"cpu"
  Processes json:"processes"
  ProcessesPerNode json:"processespernode"
  Memory json:"mem"
  Storage json:"storage"
  GPU json:"gpu"
  WallTime json:"walltime"
core.ConflictResolution:
  OnStart json:"onstart"
  OnClose json:"onclose"
core.Cron:
  ID json:"cronid"
  InitiatorID json:"initiatorid"
  InitiatorName json:"initiatorname"
  ColonyName json:"colonyname"
  Name json:"name"
  CronExpression json:"cronexpression"
  Interval json:"interval"
  Random json:"random"
  NextRun json:"nextrun"
  LastRun json:"lastrun"
  WorkflowSpec json:"workflowspec"
  PrevProcessGraphID json:"prevprocessgraphid"
  WaitForPrevProcessGraph json:"waitforprevprocessgraph"
  CheckerPeriod json:"checkerperiod"
core.Data:
  Label json:"label"
core.Edge:
  ID json:"id"
  Source json:"source"
  Target json:"target"
  Animated json:"animated"
core.Executor:
  ID json:"executorid"
  Type json:"executortype"
  Name json:"executorname"
  ColonyName json:"colonyname"
  State json:"state"
  RequireFuncReg json:"requirefuncreg"
  CommissionTime json:"commissiontime"
  LastHeardFromTime json:"lastheardfromtime"
  LocationName json:"locationname"
  Capabilities json:"capabilities"
  Allocations json:"allocations"
  BlueprintID json:"blueprintid"
  BlueprintGen json:"blueprintgen"
core.Failure:
  Status json:"status"
  Message json:"message"
core.FieldChange:
  Path json:"path"
  OldValue json:"oldValue"
  NewValue json:"newValue"
  Type json:"type"
core.File:
  ID json:"fileid"
  ColonyName json:"colonyname"
  Label json:"label"
  Name json:"name"
  Size json:"size"
  SequenceNumber json:"sequencenr"
  Checksum json:"checksum"
  ChecksumAlg json:"checksumalg"
  Reference json:"ref"
  Added json:"added"
core.FileData:
  Name json:"name"
  Checksum json:"checksum"
  Size json:"size"
  S3Filename json:"s3filename"
core.Filesystem:
  Mount json:"mount"
  SnapshotMounts json:"snapshots"
  SyncDirMounts json:"dirs"
core.Function:
  FunctionID json:"functionid"
  ExecutorName json:"executorname"
  ExecutorType json:"executortype"
  ColonyName json:"colonyname"
  FuncName json:"funcname"
  Description json:"description"
  Args json:"args"
  Counter json:"counter"
  MinWaitTime json:"minwaittime"
  MaxWaitTime json:"maxwaittime"
  MinExecTime json:"minexectime"
  MaxExecTime json:"maxexectime"
  AvgWaitTime json:"avgwaittime"
  AvgExecTime json:"avgexectime"
core.FunctionArg:
  Name json:"name"
  Type json:"type"
  Description json:"description"
  Required json:"required"
  Enum json:"enum"
core.FunctionSpec:
  NodeName json:"nodename"
  FuncName json:"funcname"
  Args json:"args"
  KwArgs json:"kwargs"
  Priority json:"priority"
  MaxWaitTime json:"maxwaittime"
  MaxExecTime json:"maxexectime"
  MaxRetries json:"maxretries"
  Conditions json:"conditions"
  Label json:"label"
  Filesystem json:"fs"
  Env json:"env"
  Channels json:"channels"
core.GPU:
  Name json:"name"
  Memory json:"mem"
  Count json:"count"
  NodeCount json:"nodecount"
core.Generator:
  ID json:"generatorid"
  InitiatorID json:"initiatorid"
  InitiatorName json:"initiatorname"
  ColonyName json:"colonyname"
  Name json:"name"
  WorkflowSpec json:"workflowspec"
  Trigger json:"trigger"
  Timeout json:"timeout"
  FirstPack json:"firstpack"
  LastRun json:"lastrun"
  QueueSize json:"queuesize"
  CheckerPeriod json:"checkerperiod"
core.GeneratorArg:
  ID json:""
  GeneratorID json:""
  ColonyName json:""
  Arg json:""
core.GraphNode:
  ID json:"id"
  Data json:"data"
  Position json:"position"
  Type json:"type"
  Style json:"style"
core.HandlerSpec:
  ExecutorType json:"executorType"
  FunctionName json:"functionName"
  ReconcileInterval json:"reconcileInterval"
core.Hardware:
  Model json:"model"
  Nodes json:"nodes"
  CPU json:"cpu"
  Cores json:"cores"
  Memory json:"mem"
  Storage json:"storage"
  GPU json:"gpu"
  Platform json:"platform"
  Architecture json:"architecture"
  Network json:"network"
core.Label:
  Name json:"name"
  Files json:"files"
core.Location:
  ID json:"locationid"
  Name json:"name"
  ColonyName json:"colonyname"
  Description json:"description"
  Long json:"long"
  Lat json:"lat"
core.Log:
  ProcessID json:"processid"
  ColonyName json:"colonyname"
  ExecutorName json:"executorname"
  Message json:"message"
  Timestamp json:"timestamp"
core.OnClose:
  KeepLocal json:"keeplocal"
core.OnStart:
  KeepLocal json:"keeplocal"
core.Position:
  X json:"x"
  Y json:"y"
core.Process:
  ID json:"processid"
  InitiatorID json:"initiatorid"
  InitiatorName json:"initiatorname"
  AssignedExecutorID json:"assignedexecutorid"
  IsAssigned json:"isassigned"
  State json:"state"
  PriorityTime json:"prioritytime"
  SubmissionTime json:"submissiontime"
  StartTime json:"starttime"
  EndTime json:"endtime"
  WaitDeadline json:"waitdeadline"
  ExecDeadline json:"execdeadline"
  Retries json:"retries"
  Attributes json:"attributes"
  FunctionSpec json:"spec"
  WaitForParents json:"waitforparents"
  Parents json:"parents"
  Children json:"children"
  ProcessGraphID json:"processgraphid"
  Input json:"in"
  Output json:"out"
  Errors json:"errors"
core.ProcessGraph:
  storage json:""
  ID json:"processgraphid"
  InitiatorID json:"initiatorid"
  InitiatorName json:"initiatorname"
  ColonyName json:"colonyname"
  Roots json:"rootprocessids"
  State json:"state"
  SubmissionTime json:"submissiontime"
  StartTime json:"starttime"
  EndTime json:"endtime"
  ProcessIDs json:"processids"
  Nodes json:"nodes"
  Edges json:"edges"
  nodesMap json:""
core.Project:
  AllocatedCPU json:"allocatedcpu"
  UsedCPU json:"usedcpu"
  AllocatedGPU json:"allocatedgpu"
  UsedGPU json:"usedgpu"
  AllocatedStorage json:"allocatedstorage"
  UsedStorage json:"usedstorage"
core.Reconciliation:
  Old json:"old"
  New json:"new"
  Diff json:"diff"
  Action json:"action"
core.Reference:
  Protocol json:"protocol"
  S3Object json:"s3object"
core.S3Object:
  Server json:"server"
  Port json:"port"
  TLS json:"tls"
  AccessKey json:"accesskey"
  SecretKey json:"secretkey"
  Region json:"region"
  EncryptionKey json:"encryptionkey"
  EncryptionAlg json:"encryptionalg"
  Object json:"object"
  Bucket json:"bucket"
core.SchemaProperty:
  Type json:"type"
  Description json:"description"
  Enum json:"enum"
  Default json:"default"
  Properties json:"properties"
  Items json:"items"
core.ServerInfo:
  BuildVersion json:"buildversion"
  BuildTime json:"buildtime"
  Backends json:"backends"
core.Snapshot:
  ID json:"snapshotid"
  ColonyName json:"colonyname"
  Label json:"label"
  Name json:"name"
  FileIDs json:"fileids"
  Added json:"added"
core.SnapshotMount:
  SnapshotID json:"snapshotid"
  Label json:"label"
  Dir json:"dir"
  KeepFiles json:"keepfiles"
  KeepSnaphot json:"keepsnapshot"
core.Software:
  Name json:"name"
  Type json:"type"
  Version json:"version"
core.Statistics:
  Colonies json:"colonies"
  Executors json:"executors"
  ActiveExecutors json:"activeexecutors"
  UnregisteredExecutors json:"unregisteredexecutors"
  WaitingProcesses json:"waitingprocesses"
  RunningProcesses json:"runningprocesses"
  SuccessfulProcesses json:"successfulprocesses"
  FailedProcesses json:"failedprocesses"
  WaitingWorkflows json:"waitingworkflows"
  RunningWorkflows json:"runningworkflows"
  SuccessfulWorkflows json:"successfulworkflows"
  FailedWorkflows json:"failedworkflows"
core.Style:
  Color json:"color"
  Background json:"background"
core.SyncDirMount:
  Label json:"label"
  Dir json:"dir"
  KeepFiles json:"keepfiles"
  ConflictResolution json:"onconflicts"
core.User:
  ColonyName json:"colonyname"
  ID json:"userid"
  Name json:"name"
  Email json:"email"
  Phone json:"phone"
core.ValidationSchema:
  Type json:"type"
  Properties json:"properties"
  Required json:"required"
core.WorkflowSpec:
  ColonyName json:"colonyname"
  FunctionSpecs json:"functionspecs"
rpc.AddAttributeMsg:
  Attribute json:"attribute"
  MsgType json:"msgtype"
rpc.AddBlueprintDefinitionMsg:
  BlueprintDefinition json:"blueprintdefinition"
  MsgType json:"msgtype"
rpc.AddBlueprintMsg:
  Blueprint json:"blueprint"
  MsgType json:"msgtype"
rpc.AddChildMsg:
  ProcessGraphID json:"processgraphid"
  ParentProcessID json:"parentprocessid"
  ChildProcessID json:"childprocessid"
  FunctionSpec json:"spec"
  Insert json:"insert"
  MsgType json:"msgtype"
rpc.AddColonyMsg:
  Colony json:"colony"
  MsgType json:"msgtype"
rpc.AddCronMsg:
  Cron json:"cron"
  MsgType json:"msgtype"
rpc.AddExecutorLogMsg:
  ColonyName json:"colonyname"
  ExecutorName json:"executorname"
  Message json:"message"
  MsgType json:"msgtype"
rpc.AddExecutorMsg:
  Executor json:"executor"
  MsgType json:"msgtype"
rpc.AddFileMsg:
  File json:"file"
  MsgType json:"msgtype"
rpc.AddFunctionMsg:
  Function json:"fun"
  MsgType json:"msgtype"
rpc.AddGeneratorMsg:
  Generator json:"generator"
  MsgType json:"msgtype"
rpc.AddLocationMsg:
  Location json:"location"
  MsgType json:"msgtype"
rpc.AddLogMsg:
  ProcessID json:"processid"
  Message json:"message"
  MsgType json:"msgtype"
rpc.AddUserMsg:
  User json:"user"
  MsgType json:"msgtype"
rpc.ApproveExecutorRPC:
  ColonyName json:"colonyname"
  ExecutorName json:"executorname"
  MsgType json:"msgtype"
rpc.AssignProcessMsg:
  ColonyName json:"colonyname"
  Timeout json:"timeout"
  AvailableCPU json:"availablecpu"
  AvailableMemory json:"availablemem"
  MsgType json:"msgtype"
rpc.ChangeColonyIDMsg:
  ColonyName json:"colonyname"
  ColonyID json:"colonyid"
  MsgType json:"msgtype"
rpc.ChangeExecutorIDMsg:
  ColonyName json:"colonyname"
  ExecutorID json:"executorid"
  MsgType json:"msgtype"
rpc.ChangeServerIDMsg:
  ServerID json:"serverid"
  MsgType json:"msgtype"
rpc.ChangeUserIDMsg:
  ColonyName json:"colonyname"
  UserID json:"userid"
  MsgType json:"msgtype"
rpc.ChannelAppendMsg:
  ProcessID json:"processid"
  Name json:"name"
  Sequence json:"sequence"
  InReplyTo json:"inreplyto"
  Payload json:"payload"
  MsgType json:"msgtype"
  PayloadType json:"payloadtype"
rpc.ChannelReadMsg:
  ProcessID json:"processid"
  Name json:"name"
  AfterSeq json:"afterseq"
  Limit json:"limit"
  MsgType json:"msgtype"
rpc.CloseFailedMsg:
  ProcessID json:"processid"
  MsgType json:"msgtype"
  Errors json:"errors"
rpc.CloseSuccessfulMsg:
  ProcessID json:"processid"
  MsgType json:"msgtype"
  Output json:"out"
rpc.CreateSnapshotMsg:
  ColonyName json:"colonyname"
  Label json:"label"
  Name json:"name"
  MsgType json:"msgtype"
rpc.GetAttributeMsg:
  AttributeID json:"attributeid"
  MsgType json:"msgtype"
rpc.GetBlueprintDefinitionMsg:
  ColonyName json:"colonyname"
  Name json:"name"
  MsgType json:"msgtype"
rpc.GetBlueprintDefinitionsMsg:
  ColonyName json:"colonyname"
  MsgType json:"msgtype"
rpc.GetBlueprintDefinitionsReplyMsg:
  BlueprintDefinitions json:"blueprintdefinitions"
  MsgType json:"msgtype"
rpc.GetBlueprintHistoryMsg:
  BlueprintID json:"blueprintid"
  Limit json:"limit"
  MsgType json:"msgtype"
rpc.GetBlueprintMsg:
  Namespace json:"namespace"
  Name json:"name"
  MsgType json:"msgtype"
rpc.GetBlueprintsMsg:
  Namespace json:"namespace"
  Kind json:"kind"
  LocationName json:"locationname"
  MsgType json:"msgtype"
rpc.GetClusterMsg:
  MsgType json:"msgtype"
rpc.GetColoniesMsg:
  MsgType json:"msgtype"
rpc.GetColonyMsg:
  ColonyName json:"colonyname"
  MsgType json:"msgtype"
rpc.GetColonyStatisticsMsg:
  ColonyName json:"colonyname"
  MsgType json:"msgtype"
rpc.GetCronMsg:
  CronID json:"cronid"
  MsgType json:"msgtype"
rpc.GetCronsMsg:
  ColonyName json:"colonyname"
  Count json:"count"
  MsgType json:"msgtype"
rpc.GetExecutorByIDMsg:
  ColonyName json:"colonyname"
  ExecutorID json:"executorid"
  MsgType json:"msgtype"
rpc.GetExecutorMsg:
  ColonyName json:"colonyname"
  ExecutorName json:"executorname"
  MsgType json:"msgtype"
rpc.GetExecutorsMsg:
  ColonyName json:"colonyname"
  MsgType json:"msgtype"
rpc.GetFileLabelsMsg:
  MsgType json:"msgtype"
  ColonyName json:"colonyname"
  Name json:"name"
  Exact json:"exact"
rpc.GetFileMsg:
  ColonyName json:"colonyname"
  FileID json:"fileid"
  Label json:"label"
  Name json:"name"
  Latest json:"latest"
  MsgType json:"msgtype"
rpc.GetFilesMsg:
  Label json:"label"
  ColonyName json:"colonyname"
  MsgType json:"msgtype"
rpc.GetFunctionsMsg:
  ExecutorName json:"executorname"
  ColonyName json:"colonyname"
  MsgType json:"msgtype"
rpc.GetGeneratorMsg:
  GeneratorID json:"generatorid"
  MsgType json:"msgtype"
rpc.GetGeneratorsMsg:
  ColonyName json:"colonyname"
  Count json:"count"
  MsgType json:"msgtype"
rpc.GetLocationMsg:
  MsgType json:"msgtype"
  ColonyName json:"colonyname"
  Name json:"name"
rpc.GetLocationsMsg:
  MsgType json:"msgtype"
  ColonyName json:"colonyname"
rpc.GetLogsMsg:
  ColonyName json:"colonyname"
  ProcessID json:"processid"
  ExecutorName json:"executorname"
  Count json:"count"
  Since json:"since"
  Latest json:"latest"
  MsgType json:"msgtype"
rpc.GetNodeMsg:
  ColonyName json:"colonyname"
  NodeName json:"nodename"
  MsgType json:"msgtype"
rpc.GetNodesByLocationMsg:
  ColonyName json:"colonyname"
  Location json:"location"
  MsgType json:"msgtype"
rpc.GetNodesMsg:
  ColonyName json:"colonyname"
  MsgType json:"msgtype"
rpc.GetPauseStatusMsg:
  MsgType json:"msgtype"
  ColonyName json:"colonyname"
rpc.GetProcessGraphMsg:
  ProcessGraphID json:"processgraphid"
  MsgType json:"msgtype"
rpc.GetProcessGraphsMsg:
  ColonyName json:"colonyname"
  Count json:"count"
  State json:"state"
  MsgType json:"msgtype"
rpc.GetProcessHistMsg:
  ColonyName json:"colonyname"
  ExecutorID json:"executorid"
  Seconds json:"seconds"
  State json:"state"
  MsgType json:"msgtype"
rpc.GetProcessMsg:
  ProcessID json:"processid"
  MsgType json:"msgtype"
rpc.GetProcessesMsg:
  ColonyName json:"colonyname"
  Count json:"count"
  State json:"state"
  ExecutorType json:"executortype"
  Label json:"label"
  Initiator json:"initiator"
  MsgType json:"msgtype"
rpc.GetServerInfoMsg:
  MsgType json:"msgtype"
rpc.GetSnapshotMsg:
  ColonyName json:"colonyname"
  SnapshotID json:"snapshotid"
  Name json:"name"
  MsgType json:"msgtype"
rpc.GetSnapshotsMsg:
  ColonyName json:"colonyname"
  MsgType json:"msgtype"
rpc.GetStatisticsMsg:
  MsgType json:"msgtype"
rpc.GetUserByIDMsg:
  MsgType json:"msgtype"
  ColonyName json:"colonyname"
  UserID json:"userid"
rpc.GetUserMsg:
  MsgType json:"msgtype"
  ColonyName json:"colonyname"
  Name json:"name"
rpc.GetUsersMsg:
  MsgType json:"msgtype"
  ColonyName json:"colonyname"
rpc.PackGeneratorMsg:
  GeneratorID json:"generatorid"
  Arg json:"arg"
  MsgType json:"msgtype"
rpc.PauseAssignmentsMsg:
  MsgType json:"msgtype"
  ColonyName json:"colonyname"
rpc.PauseStatusReplyMsg:
  MsgType json:"msgtype"
  ColonyName json:"colonyname"
  IsPaused json:"ispaused"
rpc.RPCMsg:
  Signature json:"signature"
  PayloadType json:"payloadtype"
  Payload json:"payload"
rpc.RPCReplyMsg:
  PayloadType json:"payloadtype"
  Payload json:"payload"
  Error json:"error"
rpc.ReconcileBlueprintMsg:
  Namespace json:"namespace"
  Name json:"name"
  Force json:"force"
  MsgType json:"msgtype"
rpc.RejectExecutorMsg:
  ColonyName json:"colonyname"
  ExecutorName json:"executorname"
  MsgType json:"msgtype"
rpc.RemoveAllProcessGraphsMsg:
  ColonyName json:"colonyname"
  MsgType json:"msgtype"
  State json:"state"
rpc.RemoveAllProcessesMsg:
  ColonyName json:"colonyname"
  MsgType json:"msgtype"
  State json:"state"
rpc.RemoveAllSnapshotsMsg:
  ColonyName json:"colonyname"
  MsgType json:"msgtype"
rpc.RemoveBlueprintDefinitionMsg:
  Namespace json:"namespace"
  Name json:"name"
  MsgType json:"msgtype"
rpc.RemoveBlueprintMsg:
  Namespace json:"namespace"
  Name json:"name"
  MsgType json:"msgtype"
rpc.RemoveColonyMsg:
  ColonyName json:"colonyname"
  MsgType json:"msgtype"
rpc.RemoveCronMsg:
  CronID json:"cronid"
  MsgType json:"msgtype"
  All json:"all"
rpc.RemoveExecutorMsg:
  ColonyName json:"colonyname"
  ExecutorName json:"executorname"
  MsgType json:"msgtype"
rpc.RemoveFileMsg:
  MsgType json:"msgtype"
  ColonyName json:"colonyname"
  FileID json:"fileid"
  Label json:"label"
  Name json:"name"
rpc.RemoveFunctionMsg:
  FunctionID json:"functionid"
  MsgType json:"msgtype"
rpc.RemoveGeneratorMsg:
  GeneratorID json:"generatorid"
  MsgType json:"msgtype"
  All json:"all"
rpc.RemoveLocationMsg:
  ColonyName json:"colonyname"
  Name json:"name"
  MsgType json:"msgtype"
rpc.RemoveProcessGraphMsg:
  ProcessGraphID json:"processgraphid"
  MsgType json:"msgtype"
  All json:"all"
rpc.RemoveProcessMsg:
  ProcessID json:"processid"
  MsgType json:"msgtype"
  All json:"all"
rpc.RemoveSnapshotMsg:
  ColonyName json:"colonyname"
  SnapshotID json:"snapshotid"
  Name json:"name"
  MsgType json:"msgtype"
rpc.RemoveUserMsg:
  ColonyName json:"colonyname"
  Name json:"name"
  MsgType json:"msgtype"
rpc.ReportAllocationsMsg:
  ColonyName json:"colonyname"
  ExecutorName json:"executorname"
  Allocations json:"allocations"
  MsgType json:"msgtype"
rpc.ResolveGeneratorMsg:
  ColonyName json:"colonyname"
  GeneratorName json:"generatorname"
  MsgType json:"msgtype"
rpc.ResumeAssignmentsMsg:
  MsgType json:"msgtype"
  ColonyName json:"colonyname"
rpc.RunCronMsg:
  CronID json:"cronid"
  MsgType json:"msgtype"
rpc.SearchLogsMsg:
  ColonyName json:"colonyname"
  Text json:"text"
  Days json:"days"
  Count json:"count"
  MsgType json:"msgtype"
rpc.SetOutputMsg:
  ProcessID json:"processid"
  MsgType json:"msgtype"
  Output json:"out"
rpc.SubmitFunctionSpecMsg:
  FunctionSpec json:"spec"
  MsgType json:"msgtype"
rpc.SubmitWorkflowSpecMsg:
  WorkflowSpec json:"spec"
  MsgType json:"msgtype"
rpc.SubscribeChannelMsg:
  ProcessID json:"processid"
  Name json:"name"
  AfterSeq json:"afterseq"
  Timeout json:"timeout"
  MsgType json:"msgtype"
rpc.SubscribeProcessMsg:
  ColonyName json:"colonyname"
  ProcessID json:"processid"
  ExecutorType json:"executortype"
  State json:"state"
  Timeout json:"timeout"
  MsgType json:"msgtype"
rpc.SubscribeProcessesMsg:
  ColonyName json:"colonyname"
  ExecutorType json:"executortype"
  State json:"state"
  Timeout json:"timeout"
  MsgType json:"msgtype"
rpc.UpdateBlueprintMsg:
  Blueprint json:"blueprint"
  ForceGeneration json:"forcegeneration"
  MsgType json:"msgtype"
rpc.UpdateBlueprintStatusMsg:
  ColonyName json:"colonyname"
  BlueprintName json:"blueprintname"
  Status json:"status"
  MsgType json:"msgtype"
rpc.UpdateExecutorMsg:
  ColonyName json:"colonyname"
  ExecutorName json:"executorname"
  Capabilities json:"capabilities"
  MsgType json:"msgtype"
rpc.VersionMsg:
  BuildVersion json:"buildversion"
  BuildTime json:"buildtime"
  MsgType json:"msgtype"
